5.0000E-01 0.0000E+00 5.0000E-01 8.7780E-01 2.5259E+00 6.2238E-01 5.0000E-01 1.9737E-01 5.0000E-01 6.3402E-01 1.4058E+00 4.2041E-01 7.4342E-01 2.3684E-01 1.0000E+00 4.0838E-01 1.1291E+00 2.6560E-01 9.8026E-01 3.8158E-01 1.0000E+00 3.0314E-01 9.8196E-01 2.2008E-01
