8.2278E-01 0.0000E+00 1.0000E+00 6.8957E-01 2.6747E+00 6.7956E-01 1.0000E+00 0.0000E+00 1.0000E+00 6.7099E-01 2.6694E+00 6.5223E-01 1.0000E+00 0.0000E+00 1.0000E+00 6.3324E-01 2.6560E+00 5.9164E-01 1.0000E+00 0.0000E+00 1.0000E+00 5.5129E-01 2.6246E+00 4.6974E-01
