7.0884E-01 0.0000E+00 8.3333E-01 6.7877E-01 7.8421E-01 6.4709E-01 8.3333E-01 0.0000E+00 8.3333E-01 6.0558E-01 7.8045E-01 5.3773E-01 8.3333E-01 0.0000E+00 8.3333E-01 4.6166E-01 7.7007E-01 3.5677E-01 8.3333E-01 7.2289E-01 8.3333E-01 2.8671E-01 7.4853E-01 2.0882E-01
