4.2254E-02 0.0000E+00 8.4034E-02 3.9108E+00 3.6244E+00 3.9081E+00 1.4010E-01 0.0000E+00 1.2605E-01 3.9064E+00 3.6211E+00 3.9034E+00
