5.0000E-01 0.0000E+00 5.0000E-01 7.5422E-01 2.5521E+00 6.1178E-01
