5.7716E-01 0.0000E+00 1.0000E+00 6.8911E-01 2.6749E+00 6.7902E-01 1.0000E+00 0.0000E+00 1.0000E+00 6.6906E-01 2.6704E+00 6.4816E-01 1.0000E+00 0.0000E+00 1.0000E+00 6.2576E-01 2.6604E+00 5.7956E-01 1.0000E+00 0.0000E+00 1.0000E+00 5.3444E-01 2.6381E+00 4.4790E-01
