8.3120E-01 3.8462E-02 8.3333E-01 5.8619E-01 7.6062E-01 4.6702E-01 8.3333E-01 1.0000E+00 8.3333E-01 4.5795E-01 5.4419E-01 4.5902E-01 8.3333E-01 1.0000E+00 8.3333E-01 4.6169E-01 3.4547E-01 4.4839E-01 8.3333E-01 1.0000E+00 8.3333E-01 4.3232E-01 2.9489E-01 4.1827E-01
