3.1250E-02 0.0000E+00 0.0000E+00 1.3901E+00 7.4281E-01 1.3894E+00 1.2500E-01 0.0000E+00 5.0000E-01 1.3878E+00 7.4251E-01 1.3863E+00 4.0625E-01 0.0000E+00 5.0000E-01 1.3850E+00 7.4210E-01 1.3831E+00 5.6250E-01 0.0000E+00 7.5000E-01 1.3822E+00 7.4164E-01 1.3798E+00
