8.4337E-01 1.8072E-01 1.0000E+00 3.0104E-01 5.7025E-01 1.7993E-01 9.5783E-01 3.4940E-01 1.0000E+00 1.5950E-01 3.1681E-01 1.0869E-01 9.9799E-01 6.2651E-01 1.0000E+00 1.1447E-01 2.2235E-01 8.2810E-02 1.0000E+00 8.4337E-01 1.0000E+00 8.7483E-02 1.4694E-01 6.6233E-02
