8.3333E-01 6.1446E-01 8.3333E-01 3.0059E-01 5.7166E-01 1.8966E-01
