6.5789E-01 0.0000E+00 1.0000E+00 6.9240E-01 2.3540E+00 6.8662E-01 1.0000E+00 0.0000E+00 1.0000E+00 6.8465E-01 2.3527E+00 6.7794E-01 1.0000E+00 0.0000E+00 1.0000E+00 6.7520E-01 2.3499E+00 6.6472E-01 1.0000E+00 0.0000E+00 1.0000E+00 6.6044E-01 2.3452E+00 6.4457E-01
