7.2436E-01 0.0000E+00 8.3333E-01 6.7751E-01 7.8432E-01 6.4320E-01 8.3333E-01 0.0000E+00 8.3333E-01 6.0338E-01 7.8098E-01 5.2647E-01 8.3333E-01 0.0000E+00 8.3333E-01 4.5077E-01 7.7234E-01 3.4231E-01 8.3333E-01 7.1795E-01 8.3333E-01 2.7960E-01 7.5418E-01 2.0011E-01
